// Vitest Snapshot v1, https://vitest.dev/guide/snapshot.html

exports[`Bridge spec > counter 1`] = `
<div>
  <div>
    <span>
      0
    </span>
    <button
      type="button"
    >
      +1
    </button>
  </div>
  <div>
    <span
      data-testid="anothercounter"
    >
      0
    </span>
  </div>
</div>
`;

exports[`Bridge spec > counter 2`] = `
<div>
  <div>
    <span>
      1
    </span>
    <button
      type="button"
    >
      +1
    </button>
  </div>
  <div>
    <span
      data-testid="anothercounter"
    >
      1
    </span>
  </div>
</div>
`;
